// Jest Snapshot v1, https://goo.gl/fbAQLP

exports[`SubGenerator docker-compose of YugabyteDB JHipster blueprint run should succeed 1`] = `
Object {
  "../0166eb07f9e1fc10c8d9335d40ebb63f54447e91/.yo-rc.json": Object {
    "stateCleared": "modified",
  },
  "../207c320b42d73d0b22ddec29a8172d987253a736/.yo-rc.json": Object {
    "stateCleared": "modified",
  },
  "../22dffeb4d01c2d55fad34d0a9766230d201deaa8/.yo-rc.json": Object {
    "stateCleared": "modified",
  },
  "../23cfb9bb9cf49adba82251b99074e09b51dc0de3/.yo-rc.json": Object {
    "stateCleared": "modified",
  },
  "../2b02299a3472773c736c5c0631bb835783ae9c6b/.yo-rc.json": Object {
    "stateCleared": "modified",
  },
  "../3989f46208dd80ab522bd62208a8abb273b0404c/.yo-rc.json": Object {
    "stateCleared": "modified",
  },
  "../416a021ccb3ebdcf0ab6e4e6d9f877b0f7bddd9e/.yo-rc.json": Object {
    "stateCleared": "modified",
  },
  "../549605c29c89a12040e4e82e036cc8febee2a610/.yo-rc.json": Object {
    "stateCleared": "modified",
  },
  "../76cc08b716927449b10e7f815569c302d7a7e3cc/.yo-rc.json": Object {
    "stateCleared": "modified",
  },
  "../7cd853cfe44df541672c1a97c5b23f5aeec8cf72/.yo-rc.json": Object {
    "stateCleared": "modified",
  },
  "../9c234df6bbf13cc303a7dce74ae8b0aa6ca866f7/.yo-rc.json": Object {
    "stateCleared": "modified",
  },
  "../a465562a40f7d69d04a902f1424b874cc76ffb40/.yo-rc.json": Object {
    "stateCleared": "modified",
  },
  "../b6c30ad52820a251698fc011ff217d90adc0cbda/.yo-rc.json": Object {
    "stateCleared": "modified",
  },
  "../bef5868c06cd117e762b59c58db8a650b579ef19/.yo-rc.json": Object {
    "stateCleared": "modified",
  },
  "../eb24992f77dd0f8e2b513e00a475a809013f815f/.yo-rc.json": Object {
    "stateCleared": "modified",
  },
  "../f1db3a9e370d62bf38aa459e790b2609f728e5ab/.yo-rc.json": Object {
    "stateCleared": "modified",
  },
  ".yo-rc.json": Object {
    "stateCleared": "modified",
  },
  "README-DOCKER-COMPOSE.md": Object {
    "stateCleared": "modified",
  },
  "docker-compose.yml": Object {
    "stateCleared": "modified",
  },
}
`;
