// Jest Snapshot v1, https://goo.gl/fbAQLP

exports[`SubGenerator docker-compose of YugabyteDB JHipster blueprint run should succeed 1`] = `
Object {
  "../0166eb07f9e1fc10c8d9335d40ebb63f54447e91/.yo-rc.json": Object {
    "stateCleared": "modified",
  },
  ".yo-rc.json": Object {
    "stateCleared": "modified",
  },
  "README-DOCKER-COMPOSE.md": Object {
    "stateCleared": "modified",
  },
  "docker-compose.yml": Object {
    "stateCleared": "modified",
  },
}
`;
